// Jest Snapshot v1, https://jestjs.io/docs/snapshot-testing

exports[`Stylix $render prop should render element with className and passed props 1`] = `"<div class="stylix-1 mergedClass" data-other="other"></div>"`;

exports[`Stylix $render prop should render element with className and passed props 2`] = `
".stylix-1 {
  color: red;
  font-size: 13px; }"
`;
